
======================================================================================================================
[1] CH340/CH341 分频（内核 ch341.c 独立重写 vs UsbBaudCalcTest 期望）
======================================================================================================================
  基准常量：CLKRATE=48000000  MIN_BPS=46  MAX_BPS=3000000
  min_rate(ps=0..3) = 45, 366, 2929, 23437
  [OK  ] baud=9600 寄存器值                                 我算=0xB202 (ps=2,fact=0,div=78)  期望=0xB202               
  [OK  ] baud=9600 实际波特率                                我算=9615                         期望=9615                 
  [OK  ] baud=115200 寄存器值                               我算=0xCC03 (ps=3,fact=0,div=52)  期望=0xCC03               
  [OK  ] baud=115200 实际波特率                              我算=115384                       期望=115384               
  [OK  ] baud=300 寄存器值                                  我算=0xD900 (ps=0,fact=0,div=39)  期望=0xD900               
  [OK  ] baud=300 实际波特率                                 我算=300                          期望=300                  
  [OK  ] baud=3000000 寄存器值                              我算=0xFE03 (ps=3,fact=0,div=2)   期望=0xFE03               
  [OK  ] baud=3000000 实际波特率                             我算=3000000                      期望=3000000              
  [OK  ] clamp: calcDivisor(1)==calcDivisor(46)         我算=0x0100                       期望=0x0100               (低端钳到 46)
  [OK  ] clamp: calcDivisor(4e6)==calcDivisor(3e6)      我算=0xFE03                       期望=0xFE03               (高端钳到 3M)
  [OK  ] LCR(8,1,0)                                     我算=0xC3                         期望=0xC3                 
  [OK  ] LCR(8,1,1)                                     我算=0xCB                         期望=0xCB                 
  [OK  ] LCR(8,1,2)                                     我算=0xDB                         期望=0xDB                 
  [OK  ] LCR(8,2,0)                                     我算=0xC7                         期望=0xC7                 
  [OK  ] LCR(7,1,0)                                     我算=0xC2                         期望=0xC2                 

  -- 常用波特率扫描（内核算法）--
        请求      寄存器 ps fact  div        实际     误差%
      1200 0xB201    1    0   78      1201  0.083%
      2400 0xD901    1    0   39      2403  0.125%
      4800 0x6402    2    0  156      4807  0.146%
      9600 0xB202    2    0   78      9615  0.156%
     19200 0xD902    2    0   39     19230  0.156%
     38400 0x6403    3    0  156     38461  0.159%
     57600 0x9803    3    0  104     57692  0.160%
    115200 0xCC03    3    0   52    115384  0.160%

======================================================================================================================
[2] FTDI 分频/编码（AN232B-05 独立重写 vs UsbBaudCalcTest 期望）
======================================================================================================================
  [OK  ] baud=9600 divisor                              我算=312                          期望=312                  
  [OK  ] baud=9600 subdivisor                           我算=4                            期望=4                    
  [OK  ] baud=9600 wValue                               我算=0x4138                       期望=0x4138               
  [OK  ] baud=9600 wIndex(非H)                           我算=0                            期望=0                    
  [OK  ] baud=9600 实际波特率                                我算=9600                         期望=9600                 
  [OK  ] baud=115200 divisor                            我算=26                           期望=26                   
  [OK  ] baud=115200 subdivisor                         我算=0                            期望=0                    
  [OK  ] baud=115200 wValue                             我算=0x001A                       期望=0x001A               
  [OK  ] baud=115200 wIndex(非H)                         我算=0                            期望=0                    
  [OK  ] baud=115200 实际波特率                              我算=115385                       期望=115385               
  [OK  ] baud=300 divisor                               我算=10000                        期望=10000                
  [OK  ] baud=300 subdivisor                            我算=0                            期望=0                    
  [OK  ] baud=300 wValue                                我算=0x2710                       期望=0x2710               
  [OK  ] baud=300 实际波特率                                 我算=300                          期望=300                  
  [OK  ] baud=14400 divisor                             我算=208                          期望=208                  
  [OK  ] baud=14400 subdivisor                          我算=3                            期望=3                    
  [OK  ] baud=14400 wValue                              我算=0x00D0                       期望=0x00D0               
  [OK  ] baud=14400 wIndex(非H)                          我算=1                            期望=1                    
  [OK  ] baud=100 应判不支持                                 我算=unsupported                  期望=null                 
  [OK  ] baud=4000000 应判不支持                             我算=unsupported                  期望=null                 
  [OK  ] baud=2600000 应判不支持                             我算=unsupported                  期望=null                 
  [OK  ] H 系列 wIndex=(subbit<<8)|port                   我算=0x0101                       期望=0x0101               
  [OK  ] SET_DATA(8,1,0)                                我算=0x0008                       期望=0x0008               
  [OK  ] SET_DATA(8,1,1)                                我算=0x0108                       期望=0x0108               
  [OK  ] SET_DATA(8,1,2)                                我算=0x0208                       期望=0x0208               
  [OK  ] SET_DATA(8,2,0)                                我算=0x1008                       期望=0x1008               
  [OK  ] SET_DATA(7,1,0)                                我算=0x0007                       期望=0x0007               
  [OK  ] SET_DATA 5 数据位 → null                          我算=null                         期望=null                 
  [OK  ] SET_DATA 非法停止位 → null                          我算=null                         期望=null                 

  -- FTDI 常用波特率扫描（注意非 H 系列 wIndex 恒为端口号 1，实现给出 0/1）--
        请求    div sub   wValue   wIndex(实现)        实际     误差%
      1200   2500   0 0x09C4            0      1200  0.000%
      2400   1250   0 0x04E2            0      2400  0.000%
      4800    625   0 0x0271            0      4800  0.000%
      9600    312   4 0x4138            0      9600  0.000%
     19200    156   2 0x809C            0     19200  0.000%
     38400     78   1 0xC04E            0     38400  0.000%
     57600     52   1 0xC034            0     57554  0.080%
    115200     26   0 0x001A            0    115385  0.161%

======================================================================================================================
[2b] FTDI bulk IN 剥 2 字节状态头：分包边界仿真（mik3y readFilter 语义）
======================================================================================================================
  管理器读缓冲=4096，FTDI staging=4096
    mps      n    包数      剥头后字节    <=缓冲         说明
      8      8     1          6    True
      8     16     2         12    True
      8    100    13         74    True
      8   4096   512       3072    True
      8   4095   512       3071    True
      8      3     1          1    True
     16     16     1         14    True
     16     32     2         28    True
     16    100     7         86    True
     16   4096   256       3584    True
     16   4095   256       3583    True
     16      3     1          1    True
     32     32     1         30    True
     32     64     2         60    True
     32    100     4         92    True
     32   4096   128       3840    True
     32   4095   128       3839    True
     32      3     1          1    True
     64     64     1         62    True
     64    128     2        124    True
     64    100     2         96    True
     64   4096    64       3968    True
     64   4095    64       3967    True
     64      3     1          1    True
    512    512     1        510    True
    512   1024     2       1020    True
    512    100     1         98    True
    512   4096     8       4080    True
    512   4095     8       4079    True
    512      3     1          1    True
  [OK  ] 剥头后长度恒不溢出 4096 缓冲                              我算=越界组合=0                       期望=0                    注：destPos 累加的是未截断 length，copy 却被 min 截断 —— 两常量解耦

======================================================================================================================
[3] CP210x 请求码审计（三份权威参考 vs 本工程实现）
======================================================================================================================
  IFC_ENABLE     内核/AN571=0x00  本工程= 0x00         → 一致
  SET_BAUDDIV    内核/AN571=0x01  本工程= 0x1E         → 偏离内核 0x01
  SET_LINE_CTL   内核/AN571=0x03  本工程= （未使用）        → 未发送
  SET_MHS        内核/AN571=0x07  本工程= 0x07         → 一致
  SET_BAUDRATE   内核/AN571=0x1E  本工程= 0x20         → 偏离内核 0x1E

  [OK  ] LINE_CODING(9600,8,1,0)                        我算=80250000000008               期望=80250000000008       
  [OK  ] LINE_CODING(115200,8,2,0)                      我算=00C20100020008               期望=00C20100020008       
  [OK  ] LINE_CODING(9600,8,1,2)                        我算=80250000000208               期望=80250000000208       

======================================================================================================================
[4] PL2303 请求类型与位域（Linux pl2303.c 对照）
======================================================================================================================
  [OK  ] SET_LINE_REQUEST 0x20 bmRequestType            我算=0x21                         期望=0x21                 class|interface|out
  [OK  ] SET_CONTROL_REQUEST 0x22 bmRequestType         我算=0x21                         期望=0x21                 class|interface|out
  [OK  ] VENDOR_WRITE 0x01 bmRequestType                我算=0x40                         期望=0x40                 vendor|device|out
  [OK  ] VENDOR_READ 0x01 bmRequestType                 我算=0xC0                         期望=0xC0                 vendor|device|in
  [OK  ] clampBaud(50)                                  我算=75                           期望=75                   
  [OK  ] clampBaud(15000000)                            我算=921600                       期望=921600               
  [OK  ] clampBaud(9600)                                我算=9600                         期望=9600                 

======================================================================================================================
[5] device_filter.xml 十进制 VID/PID ↔ UsbSerialIds.kt 十六进制 逐项换算
======================================================================================================================
  device_filter.xml 条目数=8，UsbSerialIds.kt 条目数=8
  [OK  ] 条目数一致(8)                                       我算=8                            期望=8                    
  [OK  ] 6790:29986                                     我算=0x1A86:0x7522                期望=0x1A86:0x7522        
  [OK  ] 6790:29987                                     我算=0x1A86:0x7523                期望=0x1A86:0x7523        
  [OK  ] 1027:24577                                     我算=0x0403:0x6001                期望=0x0403:0x6001        
  [OK  ] 1027:24592                                     我算=0x0403:0x6010                期望=0x0403:0x6010        
  [OK  ] 1027:24596                                     我算=0x0403:0x6014                期望=0x0403:0x6014        
  [OK  ] 1027:24597                                     我算=0x0403:0x6015                期望=0x0403:0x6015        
  [OK  ] 4292:60000                                     我算=0x10C4:0xEA60                期望=0x10C4:0xEA60        
  [OK  ] 1659:8963                                      我算=0x067B:0x2303                期望=0x067B:0x2303        

======================================================================================================================
[6] 全部 controlTransfer 的 bmRequestType 位域审计
======================================================================================================================
  Ch340Driver.kt     L134  REQ_READ_VERSION 0x5F                      reqtype=0xC0  vendor|device|in —— 正确
  Ch340Driver.kt     L139  REQ_SERIAL_INIT 0xA1                       reqtype=0x40  vendor|device|out —— 正确
  Ch340Driver.kt     L143  REQ_MODEM_CTRL 0xA4 wValue=0xFF9F          reqtype=0x40  vendor|device|out；~0x60 与 ch341_set_handshake 一致
  Ch340Driver.kt     L151  REQ_WRITE_REG 0x9A 分频 wValue=0x1312        reqtype=0x40  vendor|device|out；分频值在 wIndex —— 与内核一致
  Ch340Driver.kt     L161  REQ_WRITE_REG 0x9A LCR wValue=0x2518       reqtype=0x40  vendor|device|out；仅 version>=0x30 —— 与内核一致
  FtdiDriver.kt      L137  SIO_RESET 0x00                             reqtype=0x40  vendor|device|out；wIndex=1 端口 —— 正确
  FtdiDriver.kt      L140  SIO_SET_MODEM_CTRL 0x01 wValue=0x0303      reqtype=0x40  正确
  FtdiDriver.kt      L148  SIO_SET_FLOW 0x02                          reqtype=0x40  正确（无流控）
  FtdiDriver.kt      L156  SIO_SET_BAUD_RATE 0x03                     reqtype=0x40  位域正确；**wIndex 非 H 系列应为端口号 1，实现按子分频位给 0/1** → P1
  FtdiDriver.kt      L160  SIO_SET_DATA 0x04                          reqtype=0x40  正确
  Cp210xDriver.kt    L58   IFC_ENABLE 0x00                            reqtype=0x41  vendor|interface|out —— 正确
  Cp210xDriver.kt    L61   SET_MHS 0x07 wValue=0x0303                 reqtype=0x41  正确
  Cp210xDriver.kt    L74   SET_LINE_CODING **0x20**                   reqtype=0x41  **0x20 非 AN571/cp210x.c 请求码；CP210x 为 vendor-specific(0xFF) 非 CDC-ACM** → P0
  Pl2303Driver.kt    L79   SET_LINE 0x20                              reqtype=0x21  class|interface|out —— 与 pl2303.c 一致
  Pl2303Driver.kt    L44   SET_CONTROL 0x22                           reqtype=0x21  正确
  Pl2303Driver.kt    L68   VENDOR_WRITE 0x01                          reqtype=0x40  正确
  Pl2303Driver.kt    L73   VENDOR_READ 0x01                           reqtype=0xC0  正确

======================================================================================================================
汇总
======================================================================================================================
  断言总数 64，PASS 64，FAIL 0

说明：本脚本只覆盖『可离线推演』的部分（分频/编码/位域/VID-PID 换算）。
CP210x 0x20 与 FTDI 非 H 系列 wIndex 两项为静态协议审计结论，见报告正文。
